// Jest Snapshot v1, https://goo.gl/fbAQLP

exports[`>>> LandingScene --- Snapshot +++ capturing Snapshot of LandingScene 1`] = `
<RCTScrollView>
  <View>
    <View
      style={
        Array [
          Object {
            "marginLeft": 15,
            "marginRight": 15,
          },
          undefined,
          undefined,
          undefined,
        ]
      }
    >
      <View
        accessibilityComponentType={undefined}
        accessibilityLabel={undefined}
        accessibilityTraits={undefined}
        accessible={true}
        hasTVPreferredFocus={undefined}
        hitSlop={undefined}
        isTVSelectable={true}
        nativeID={undefined}
        onLayout={undefined}
        onResponderGrant={[Function]}
        onResponderMove={[Function]}
        onResponderRelease={[Function]}
        onResponderTerminate={[Function]}
        onResponderTerminationRequest={[Function]}
        onStartShouldSetResponder={[Function]}
        style={null}
        testID={undefined}
        tvParallaxProperties={undefined}
      >
        <View
          pointerEvents="box-only"
          style={
            Array [
              Object {
                "alignItems": "center",
                "backgroundColor": "#9E9E9E",
                "flexDirection": "row",
                "justifyContent": "center",
                "padding": 19,
              },
              undefined,
              undefined,
              undefined,
              undefined,
              undefined,
              undefined,
              undefined,
              Object {
                "padding": 12,
              },
              Object {
                "borderRadius": 66.5,
                "paddingHorizontal": 18,
              },
              undefined,
              undefined,
              Object {
                "backgroundColor": "#67697C",
                "marginTop": 20,
              },
              undefined,
              undefined,
            ]
          }
        >
          <Text
            accessible={true}
            allowFontScaling={false}
            ellipsizeMode="tail"
            style={
              Array [
                Object {
                  "color": "white",
                  "fontSize": 18,
                },
                Array [
                  Object {
                    "marginRight": 10,
                  },
                  undefined,
                ],
                Object {
                  "fontFamily": "Material Icons",
                  "fontStyle": "normal",
                  "fontWeight": "normal",
                },
              ]
            }
          >
            
          </Text>
          <Text
            accessible={true}
            allowFontScaling={true}
            ellipsizeMode="tail"
            style={
              Array [
                Object {},
                undefined,
                undefined,
                undefined,
                undefined,
                undefined,
                undefined,
                undefined,
                undefined,
                undefined,
                Array [
                  Object {
                    "color": "white",
                    "fontSize": 20,
                  },
                  undefined,
                  Object {
                    "fontSize": 17.5,
                  },
                  undefined,
                  Object {
                    "textAlign": "center",
                  },
                  undefined,
                  undefined,
                  undefined,
                ],
              ]
            }
          >
            Create New Post
          </Text>
        </View>
      </View>
    </View>
    <View
      style={
        Array [
          Object {
            "backgroundColor": "white",
            "borderColor": "#e1e8ee",
            "borderWidth": 1,
            "margin": 15,
            "marginBottom": 0,
            "padding": 15,
            "shadowColor": "rgba(0,0,0, .2)",
            "shadowOffset": Object {
              "height": 0,
              "width": 0,
            },
            "shadowOpacity": 1,
            "shadowRadius": 1,
          },
          undefined,
          undefined,
        ]
      }
    >
      <View
        style={
          Array [
            Object {
              "backgroundColor": "transparent",
            },
            undefined,
            undefined,
          ]
        }
      >
        <Text
          accessible={true}
          allowFontScaling={true}
          ellipsizeMode="tail"
          style={
            Array [
              Object {},
              undefined,
              undefined,
              undefined,
              undefined,
              undefined,
              undefined,
              undefined,
              undefined,
              undefined,
              undefined,
            ]
          }
        >
          First Post
        </Text>
        <View
          style={
            Object {
              "flex": 1,
              "flexDirection": "row",
              "marginTop": 10,
            }
          }
        >
          <View
            style={
              Object {
                "alignItems": "center",
                "flex": 2,
                "flexDirection": "row",
              }
            }
          >
            <View
              accessibilityComponentType={undefined}
              accessibilityLabel={undefined}
              accessibilityTraits={undefined}
              accessible={true}
              hasTVPreferredFocus={undefined}
              hitSlop={undefined}
              isTVSelectable={true}
              nativeID={undefined}
              onLayout={undefined}
              onResponderGrant={[Function]}
              onResponderMove={[Function]}
              onResponderRelease={[Function]}
              onResponderTerminate={[Function]}
              onResponderTerminationRequest={[Function]}
              onStartShouldSetResponder={[Function]}
              style={
                Array [
                  Object {
                    "margin": 7,
                  },
                  Object {
                    "borderRadius": 24,
                    "height": 44,
                    "width": 44,
                  },
                  false,
                  Object {
                    "alignItems": "center",
                    "backgroundColor": "#51A3A3",
                    "justifyContent": "center",
                  },
                  undefined,
                ]
              }
              testID={undefined}
              tvParallaxProperties={undefined}
            >
              <Text
                accessible={true}
                allowFontScaling={false}
                ellipsizeMode="tail"
                style={
                  Array [
                    Object {
                      "color": "white",
                      "fontSize": 20,
                    },
                    Array [
                      Object {
                        "backgroundColor": "transparent",
                      },
                      undefined,
                    ],
                    Object {
                      "fontFamily": "fontcustom",
                      "fontStyle": "normal",
                      "fontWeight": "normal",
                    },
                  ]
                }
              >
                
              </Text>
            </View>
            <Text
              accessible={true}
              allowFontScaling={true}
              ellipsizeMode="tail"
              style={
                Array [
                  Object {},
                  undefined,
                  undefined,
                  undefined,
                  undefined,
                  undefined,
                  undefined,
                  undefined,
                  undefined,
                  undefined,
                  undefined,
                ]
              }
            >
              5
               upvotes
            </Text>
          </View>
          <View
            style={
              Object {
                "alignItems": "center",
                "flex": 2,
                "flexDirection": "row",
              }
            }
          >
            <View
              accessibilityComponentType={undefined}
              accessibilityLabel={undefined}
              accessibilityTraits={undefined}
              accessible={true}
              hasTVPreferredFocus={undefined}
              hitSlop={undefined}
              isTVSelectable={true}
              nativeID={undefined}
              onLayout={undefined}
              onResponderGrant={[Function]}
              onResponderMove={[Function]}
              onResponderRelease={[Function]}
              onResponderTerminate={[Function]}
              onResponderTerminationRequest={[Function]}
              onStartShouldSetResponder={[Function]}
              style={
                Array [
                  Object {
                    "margin": 7,
                  },
                  Object {
                    "borderRadius": 24,
                    "height": 44,
                    "width": 44,
                  },
                  false,
                  Object {
                    "alignItems": "center",
                    "backgroundColor": "#DD7373",
                    "justifyContent": "center",
                  },
                  undefined,
                ]
              }
              testID={undefined}
              tvParallaxProperties={undefined}
            >
              <Text
                accessible={true}
                allowFontScaling={false}
                ellipsizeMode="tail"
                style={
                  Array [
                    Object {
                      "color": "white",
                      "fontSize": 20,
                    },
                    Array [
                      Object {
                        "backgroundColor": "transparent",
                      },
                      undefined,
                    ],
                    Object {
                      "fontFamily": "fontcustom",
                      "fontStyle": "normal",
                      "fontWeight": "normal",
                    },
                  ]
                }
              >
                
              </Text>
            </View>
            <Text
              accessible={true}
              allowFontScaling={true}
              ellipsizeMode="tail"
              style={
                Array [
                  Object {},
                  undefined,
                  undefined,
                  undefined,
                  undefined,
                  undefined,
                  undefined,
                  undefined,
                  undefined,
                  undefined,
                  undefined,
                ]
              }
            >
              3
               downvotes
            </Text>
          </View>
        </View>
      </View>
    </View>
  </View>
</RCTScrollView>
`;
